// Jest Snapshot v1, https://goo.gl/fbAQLP

exports[`<Header/> matches snapshot 1`] = `
<header>
  <a
    className="title"
    href="."
  >
    <img
      alt="logo"
      className="logo"
      src="logo.svg"
    />
    <h1>
      GPA Calculator
    </h1>
  </a>
  <nav>
    <a
      href="."
    >
      Home
    </a>
    <a
      href="."
    >
      About
    </a>
    <a
      href="."
    >
      Contact
    </a>
    <a
      className="button-primary"
      href="."
    >
      Calculator
    </a>
  </nav>
</header>
`;
